
> 360hacks-saas-educativo@0.1.0 build
> next build

   Ôû▓ Next.js 15.2.1
   - Environments: .env.local

   Creating an optimized production build ...
node.exe : Failed to 
compile.
En línea: 1 Carácter: 1
+ & "C:\Program 
Files\nodejs/node.exe" 
"C:\Program 
Files\nodejs/node_mo ...
+ ~~~~~~~~~~~~~~~~~~~~~~~~~
~~~~~~~~~~~~~~~~~~~~~~~~~~~
~~~~~~~~~~~~~~~~~
    + CategoryInfo         
     : NotSpecified: (Fai  
  led to compile.:String   
 ) [], RemoteException
    + FullyQualifiedErrorI 
   d : NativeCommandError
 

./src/app/planificar/compon
ents/WizardInput.tsx
Module parse failed: 
Identifier 'Button' has 
already been declared (6:9)
File was processed with 
these loaders:
 * ./node_modules/next/dist
/build/webpack/loaders/next
-flight-client-module-loade
r.js
 * ./node_modules/next/dist
/build/webpack/loaders/next
-swc-loader.js
You may need an additional 
loader to handle the 
result of these loaders.
| import { Label } from 
"@/components/ui/label";
| import { Button } from 
"@/components/ui/button";
> import { Button } from 
"@/components/ui/button";
| import { Sparkles, 
ArrowRight, Loader2, 
ShieldAlert } from "__barre
l_optimize__?names=ArrowRig
ht,Loader2,ShieldAlert,Spar
kles!=!lucide-react";
| export function 
WizardInput({ input, 
setInput, isLoading, 
onSubmit }) {

Import trace for requested 
module:
./src/app/planificar/compon
ents/WizardInput.tsx
./src/app/planificar/page.t
sx


> Build failed because of 
webpack errors
