
> 360hacks-saas-educativo@0.1.0 test
> jest src/lib/ai/__tests__/rubric-generation.test.ts

  console.error
    [FlipEngine] gemini-2.0-flash-exp returned invalid JSON: invalid json

    [0m [90m 167 |[39m         parsed [33m=[39m [33mJSON[39m[33m.[39mparse(text)[33m;[39m
     [90m 168 |[39m     } [36mcatch[39m {
    [31m[1m>[22m[39m[90m 169 |[39m         console[33m.[39merror([32m`[FlipEngine] ${modelName} returned invalid JSON:`[39m[33m,[39m text[33m.[39msubstring([35m0[39m[33m,[39m [35m200[39m))[33m;[39m
     [90m     |[39m                 [31m[1m^[22m[39m
     [90m 170 |[39m         [36mthrow[39m [36mnew[39m [33mError[39m([32m`${modelName} returned invalid JSON`[39m)[33m;[39m
     [90m 171 |[39m     }
     [90m 172 |[39m[0m

      at callModel (src/lib/ai/flip-engine.ts:169:17)
      at generateWithFallback (src/lib/ai/flip-engine.ts:110:16)

  console.warn
    [FlipEngine] Primary model (gemini-2.0-flash-exp) failed, trying gemini-1.5-flash: gemini-2.0-flash-exp returned invalid JSON

    [0m [90m 118 |[39m         }
     [90m 119 |[39m
    [31m[1m>[22m[39m[90m 120 |[39m         console[33m.[39mwarn(
     [90m     |[39m                 [31m[1m^[22m[39m
     [90m 121 |[39m             [32m`[FlipEngine] Primary model (${PRIMARY_MODEL}) failed, trying ${FALLBACK_MODEL}:`[39m[33m,[39m
     [90m 122 |[39m             primaryError [36minstanceof[39m [33mError[39m [33m?[39m primaryError[33m.[39mmessage [33m:[39m primaryError
     [90m 123 |[39m         )[33m;[39m[0m

      at generateWithFallback (src/lib/ai/flip-engine.ts:120:17)
      at Object.<anonymous> (src/lib/ai/__tests__/rubric-generation.test.ts:83:9)

node.exe : FAIL src/li
b/ai/__tests__/rubric-
generation.test.ts
En línea: 1 Carácter: 
1
+ & "C:\Program Files\
nodejs/node.exe" 
"C:\Program 
Files\nodejs/node_mo 
...
+ ~~~~~~~~~~~~~~~~~~~~
~~~~~~~~~~~~~~~~~~~~~~
~~~~~~~~~~~~~~~~~~~~~~
~~~~~
    + CategoryInfo    
          : NotSpeci  
  fied: (FAIL src/l   
 ib/ai...eration.t    
est.ts:String) []    
, RemoteException
    + FullyQualifiedE 
   rrorId : NativeCo  
  mmandError
 
  generateRubric
    ÔêÜ genera una 
r├║brica v├ílida a 
partir de un plan de 
clase (16 ms)
    ├ù falla si el 
modelo devuelve JSON 
inv├ílido (simulado) 
(99 ms)

  ÔùÅ generateRubric 
ÔÇ║ falla si el 
modelo devuelve JSON 
inv├ílido (simulado)

    expect(received).r
ejects.toThrow()

    Received promise 
resolved instead of 
rejected
    Resolved to 
value: {"criterios": 
[{"dimension": 
"Criterio 1", 
"niveles": 
[{"descripcion": 
"Desc L", "nombre": 
"Logrado", "puntaje": 
3}, {"descripcion": 
"Desc M", "nombre": 
"Medianamente", 
"puntaje": 2}, 
{"descripcion": "Desc 
P", "nombre": "Por 
Lograr", "puntaje": 
1}]}], "indicadores_ev
aluaci├│n": 
["Indicador 1"], 
"titulo": "R├║brica 
de Prueba"}

    [0m [90m 81 
|[39m         
})[33m;[39m
     [90m 82 |[39m
    [31m[1m>[22m[3
9m[90m 83 |[39m     
    [36mawait[39m ex
pect(generateRubric(mo
ckLessonPlan))[33m.[
39mrejects[33m.[39mt
oThrow()[33m;[39m
     [90m    |[39m  
             
[31m[1m^[22m[39m
     [90m 84 |[39m  
   })[33m;[39m
     [90m 85 |[39m 
})[33m;[39m
     [90m 86 
|[39m[0m

      at expect (node_
modules/expect/build/i
ndex.js:113:15)
      at 
Object.<anonymous> (sr
c/lib/ai/__tests__/rub
ric-generation.test.ts
:83:15)

Test Suites: 1 
failed, 1 total
Tests:       1 
failed, 1 passed, 2 
total
Snapshots:   0 total
Time:        3.729 s
Ran all test suites 
matching /src\\lib\\ai
\\__tests__\\rubric-ge
neration.test.ts/i.
