[96msrc/components/RubricTable.tsx[0m:[93m34[0m:[93m29[0m - [91merror[0m[90m TS2551: [0mProperty 'indicadores_evaluaci├│n' does not exist on type '{ titulo: string; criterios: { dimension: string; niveles: { nombre: string; descripcion: string; puntaje: number; }[]; }[]; indicadores_evaluacion: string[]; }'. Did you mean 'indicadores_evaluacion'?

[7m34[0m                     {rubric.indicadores_evaluaci├│n.map((ind, i) => (
[7m  [0m [91m                            ~~~~~~~~~~~~~~~~~~~~~~[0m

[96msrc/components/RubricTable.tsx[0m:[93m34[0m:[93m57[0m - [91merror[0m[90m TS7006: [0mParameter 'ind' implicitly has an 'any' type.

[7m34[0m                     {rubric.indicadores_evaluaci├│n.map((ind, i) => (
[7m  [0m [91m                                                        ~~~[0m

[96msrc/components/RubricTable.tsx[0m:[93m34[0m:[93m62[0m - [91merror[0m[90m TS7006: [0mParameter 'i' implicitly has an 'any' type.

[7m34[0m                     {rubric.indicadores_evaluaci├│n.map((ind, i) => (
[7m  [0m [91m                                                             ~[0m

[96msrc/lib/__tests__/storage.test.ts[0m:[93m6[0m:[93m15[0m - [91merror[0m[90m TS2305: [0mModule '"@/lib/ai/schemas"' has no exported member 'LessonPlan'.

[7m6[0m import type { LessonPlan } from "@/lib/ai/schemas";
[7m [0m [91m              ~~~~~~~~~~[0m

[96msrc/lib/ai/__tests__/rubric-generation.test.ts[0m:[93m6[0m:[93m29[0m - [91merror[0m[90m TS2305: [0mModule '"../schemas"' has no exported member 'LessonPlan'.

[7m6[0m import { rubricSchema, type LessonPlan } from "../schemas";
[7m [0m [91m                            ~~~~~~~~~~[0m

[96msrc/lib/ai/__tests__/schemas.test.ts[0m:[93m8[0m:[93m5[0m - [91merror[0m[90m TS2305: [0mModule '"../schemas"' has no exported member 'lessonPlanSchema'.

[7m8[0m     lessonPlanSchema,
[7m [0m [91m    ~~~~~~~~~~~~~~~~[0m

[96msrc/lib/pdf/lesson-template.tsx[0m:[93m387[0m:[93m33[0m - [91merror[0m[90m TS2551: [0mProperty 'indicadores_evaluaci├│n' does not exist on type '{ titulo: string; criterios: { dimension: string; niveles: { nombre: string; descripcion: string; puntaje: number; }[]; }[]; indicadores_evaluacion: string[]; }'. Did you mean 'indicadores_evaluacion'?

[7m387[0m                         {rubric.indicadores_evaluaci├│n.map((ind, i) => (
[7m   [0m [91m                                ~~~~~~~~~~~~~~~~~~~~~~[0m

[96msrc/lib/pdf/lesson-template.tsx[0m:[93m387[0m:[93m61[0m - [91merror[0m[90m TS7006: [0mParameter 'ind' implicitly has an 'any' type.

[7m387[0m                         {rubric.indicadores_evaluaci├│n.map((ind, i) => (
[7m   [0m [91m                                                            ~~~[0m

[96msrc/lib/pdf/lesson-template.tsx[0m:[93m387[0m:[93m66[0m - [91merror[0m[90m TS7006: [0mParameter 'i' implicitly has an 'any' type.

[7m387[0m                         {rubric.indicadores_evaluaci├│n.map((ind, i) => (
[7m   [0m [91m                                                                 ~[0m


Found 9 errors in 5 files.

Errors  Files
     3  src/components/RubricTable.tsx[90m:34[0m
     1  src/lib/__tests__/storage.test.ts[90m:6[0m
     1  src/lib/ai/__tests__/rubric-generation.test.ts[90m:6[0m
     1  src/lib/ai/__tests__/schemas.test.ts[90m:8[0m
     3  src/lib/pdf/lesson-template.tsx[90m:387[0m
